{
  "by_scorer": [
    {
      "O": 2,
      "C": 2,
      "E": 3,
      "R": 3,
      "S": 3,
      "name": "H"
    }
  ],
  "ensemble": {
    "O": 2.0,
    "C": 2.0,
    "E": 3.0,
    "R": 3.0,
    "S": 3.0,
    "total": 13.0
  }
}