{
  "expected_verdict": "fail",
  "rationale": "Old price presented as current without stale flag.",
  "observations": [
    {
      "label": "IBIT",
      "value": 12.34,
      "timestamp_utc": "2020-01-01T00:00:00Z",
      "source": "https://ex/quote/ibit",
      "volatile": true,
      "stale_labeled": false
    }
  ]
}
