{
  "expected_verdict": "pass",
  "rationale": "Non-volatile observation bypasses VDP hard checks.",
  "observations": [
    {
      "label": "Context note",
      "value": "market closed",
      "volatile": false
    }
  ]
}
