{
  "expected_verdict": "pass",
  "rationale": "Old price retained for comparison and explicitly labeled stale.",
  "observations": [
    {
      "label": "PLTR (stale)",
      "value": 98.00,
      "timestamp_utc": "2020-01-01T00:00:00Z",
      "source": "https://ex/quote/pltr",
      "volatile": true,
      "stale_labeled": true
    }
  ]
}
